WARNING: Running pip as the 'root' user can result in broken permissions and conflicting behaviour with the system package manager, possibly rendering your system unusable. It is recommended to use a virtual environment instead: https://pip.pypa.io/warnings/venv. Use the --root-user-action option if you know what you are doing and want to suppress this warning.

[notice] A new release of pip is available: 25.0.1 -> 26.2.1
[notice] To update, run: pip install --upgrade pip
# uri=mongodb://mongo1:27017,mongo2:27017,mongo3:27017/?replicaSet=rs0&retryWrites=true
# duree=60s  writeConcern w=1
13:07:36.970 | n=  1 | primary=('mongo1', 27017)      | OK     ( 0.02s) 
13:07:37.971 | n=  2 | primary=('mongo1', 27017)      | OK     ( 0.00s) 
13:07:38.971 | n=  3 | primary=('mongo1', 27017)      | OK     ( 0.00s) 
13:07:39.971 | n=  4 | primary=('mongo1', 27017)      | OK     ( 0.00s) 
13:07:40.971 | n=  5 | primary=('mongo1', 27017)      | OK     ( 0.00s) 
13:07:41.969 | n=  6 | primary=('mongo1', 27017)      | OK     ( 0.00s) 
13:07:42.969 | n=  7 | primary=('mongo1', 27017)      | OK     ( 0.00s) 
13:07:43.969 | n=  8 | primary=('mongo1', 27017)      | OK     ( 0.00s) 
13:07:44.970 | n=  9 | primary=('mongo1', 27017)      | OK     ( 0.00s) 
13:07:45.970 | n= 10 | primary=('mongo1', 27017)      | OK     ( 0.00s) 
13:07:46.970 | n= 11 | primary=('mongo1', 27017)      | OK     ( 0.00s) 
13:07:47.970 | n= 12 | primary=('mongo1', 27017)      | OK     ( 0.00s) 
13:07:48.970 | n= 13 | primary=('mongo2', 27017)      | OK     ( 0.00s) 
13:07:49.971 | n= 14 | primary=('mongo2', 27017)      | OK     ( 0.00s) 
13:07:50.971 | n= 15 | primary=('mongo2', 27017)      | OK     ( 0.00s) 
13:07:51.971 | n= 16 | primary=('mongo2', 27017)      | OK     ( 0.00s) 
13:07:52.971 | n= 17 | primary=('mongo2', 27017)      | OK     ( 0.00s) 
13:07:53.972 | n= 18 | primary=('mongo2', 27017)      | OK     ( 0.00s) 
13:07:54.972 | n= 19 | primary=('mongo2', 27017)      | OK     ( 0.00s) 
13:07:55.972 | n= 20 | primary=('mongo2', 27017)      | OK     ( 0.00s) 
13:07:56.972 | n= 21 | primary=('mongo2', 27017)      | OK     ( 0.00s) 
13:07:57.973 | n= 22 | primary=('mongo2', 27017)      | OK     ( 0.00s) 
13:07:58.973 | n= 23 | primary=('mongo2', 27017)      | OK     ( 0.00s) 
13:07:59.973 | n= 24 | primary=('mongo2', 27017)      | OK     ( 0.00s) 
13:08:00.973 | n= 25 | primary=('mongo2', 27017)      | OK     ( 0.00s) 
13:08:01.973 | n= 26 | primary=('mongo2', 27017)      | OK     ( 0.00s) 
13:08:02.974 | n= 27 | primary=('mongo2', 27017)      | OK     ( 0.00s) 
13:08:03.974 | n= 28 | primary=('mongo2', 27017)      | OK     ( 0.00s) 
13:08:04.974 | n= 29 | primary=('mongo2', 27017)      | OK     ( 0.00s) 
13:08:05.974 | n= 30 | primary=('mongo2', 27017)      | OK     ( 0.00s) 
13:08:06.974 | n= 31 | primary=('mongo2', 27017)      | OK     ( 0.00s) 
13:08:07.975 | n= 32 | primary=('mongo2', 27017)      | OK     ( 0.00s) 
13:08:08.975 | n= 33 | primary=('mongo2', 27017)      | OK     ( 0.00s) 
13:08:09.975 | n= 34 | primary=('mongo2', 27017)      | OK     ( 0.00s) 
13:08:10.975 | n= 35 | primary=('mongo1', 27017)      | OK     ( 0.00s) 
13:08:11.974 | n= 36 | primary=('mongo1', 27017)      | OK     ( 0.00s) 
13:08:12.975 | n= 37 | primary=('mongo1', 27017)      | OK     ( 0.00s) 
13:08:13.975 | n= 38 | primary=('mongo1', 27017)      | OK     ( 0.00s) 
13:08:14.975 | n= 39 | primary=('mongo1', 27017)      | OK     ( 0.00s) 
13:08:15.975 | n= 40 | primary=('mongo1', 27017)      | OK     ( 0.00s) 
13:08:16.975 | n= 41 | primary=('mongo1', 27017)      | OK     ( 0.00s) 
13:08:17.976 | n= 42 | primary=('mongo1', 27017)      | OK     ( 0.00s) 
13:08:18.976 | n= 43 | primary=('mongo1', 27017)      | OK     ( 0.00s) 
13:08:19.976 | n= 44 | primary=('mongo1', 27017)      | OK     ( 0.00s) 
13:08:20.976 | n= 45 | primary=('mongo1', 27017)      | OK     ( 0.00s) 
13:08:21.977 | n= 46 | primary=('mongo1', 27017)      | OK     ( 0.00s) 
13:08:22.977 | n= 47 | primary=('mongo1', 27017)      | OK     ( 0.00s) 
13:08:23.977 | n= 48 | primary=('mongo1', 27017)      | OK     ( 0.00s) 
13:08:24.977 | n= 49 | primary=('mongo1', 27017)      | OK     ( 0.00s) 
13:08:25.978 | n= 50 | primary=('mongo1', 27017)      | OK     ( 0.00s) 
13:08:26.978 | n= 51 | primary=('mongo1', 27017)      | OK     ( 0.00s) 
13:08:27.978 | n= 52 | primary=('mongo1', 27017)      | OK     ( 0.00s) 
13:08:28.978 | n= 53 | primary=('mongo1', 27017)      | OK     ( 0.00s) 
13:08:29.979 | n= 54 | primary=('mongo1', 27017)      | OK     ( 0.00s) 
13:08:30.979 | n= 55 | primary=('mongo1', 27017)      | OK     ( 0.00s) 
13:08:31.979 | n= 56 | primary=('mongo1', 27017)      | OK     ( 0.00s) 
13:08:32.979 | n= 57 | primary=('mongo1', 27017)      | OK     ( 0.00s) 
13:08:33.979 | n= 58 | primary=('mongo1', 27017)      | OK     ( 0.00s) 
13:08:34.980 | n= 59 | primary=('mongo1', 27017)      | OK     ( 0.00s) 
13:08:35.980 | n= 60 | primary=('mongo1', 27017)      | OK     ( 0.00s) 
----------------------------------------------------------------------------------------------------
Ecritures reussies (vues par le script) : 60
Ecritures en echec                      : 0
count_documents reel dans la collection : 60
Ecart (reel - reussies)                 : 0
