WARNING: Running pip as the 'root' user can result in broken permissions and conflicting behaviour with the system package manager, possibly rendering your system unusable. It is recommended to use a virtual environment instead: https://pip.pypa.io/warnings/venv. Use the --root-user-action option if you know what you are doing and want to suppress this warning.

[notice] A new release of pip is available: 25.0.1 -> 26.2.1
[notice] To update, run: pip install --upgrade pip
# uri=mongodb://mongo1:27017,mongo2:27017,mongo3:27017/?replicaSet=rs0&retryWrites=false
# duree=60s  writeConcern w=1
13:10:52.140 | n=  1 | primary=None                   | OK     ( 0.04s) 
13:10:53.140 | n=  2 | primary=('mongo1', 27017)      | OK     ( 0.00s) 
13:10:54.140 | n=  3 | primary=('mongo1', 27017)      | OK     ( 0.00s) 
13:10:55.140 | n=  4 | primary=('mongo1', 27017)      | OK     ( 0.00s) 
13:10:56.141 | n=  5 | primary=('mongo1', 27017)      | OK     ( 0.00s) 
13:10:57.141 | n=  6 | primary=('mongo1', 27017)      | OK     ( 0.00s) 
13:10:58.141 | n=  7 | primary=('mongo1', 27017)      | OK     ( 0.00s) 
13:10:59.142 | n=  8 | primary=('mongo1', 27017)      | OK     ( 0.00s) 
13:11:00.142 | n=  9 | primary=('mongo1', 27017)      | OK     ( 0.00s) 
13:11:01.142 | n= 10 | primary=('mongo1', 27017)      | OK     ( 0.00s) 
13:11:02.143 | n= 11 | primary=('mongo1', 27017)      | OK     ( 0.00s) 
13:11:03.143 | n= 12 | primary=('mongo1', 27017)      | OK     ( 0.00s) 
13:11:04.143 | n= 13 | primary=('mongo1', 27017)      | OK     ( 0.00s) 
13:11:05.143 | n= 14 | primary=('mongo1', 27017)      | OK     ( 0.00s) 
13:11:06.144 | n= 15 | primary=('mongo1', 27017)      | OK     ( 0.00s) 
13:11:07.144 | n= 16 | primary=('mongo1', 27017)      | OK     ( 0.00s) 
13:11:08.144 | n= 17 | primary=('mongo1', 27017)      | OK     ( 0.00s) 
13:11:09.144 | n= 18 | primary=('mongo1', 27017)      | OK     ( 0.00s) 
13:11:10.145 | n= 19 | primary=('mongo1', 27017)      | OK     ( 0.00s) 
13:11:11.145 | n= 20 | primary=('mongo1', 27017)      | OK     ( 0.00s) 
13:11:12.143 | n= 21 | primary=('mongo1', 27017)      | OK     ( 0.00s) 
13:11:13.144 | n= 22 | primary=('mongo1', 27017)      | OK     ( 0.00s) 
13:11:14.144 | n= 23 | primary=('mongo1', 27017)      | OK     ( 0.00s) 
13:11:15.144 | n= 24 | primary=('mongo1', 27017)      | OK     ( 0.00s) 
13:11:16.144 | n= 25 | primary=('mongo1', 27017)      | OK     ( 0.00s) 
13:11:17.145 | n= 26 | primary=('mongo1', 27017)      | OK     ( 0.00s) 
13:11:18.145 | n= 27 | primary=('mongo1', 27017)      | OK     ( 0.00s) 
13:11:19.146 | n= 28 | primary=('mongo1', 27017)      | OK     ( 0.00s) 
13:11:20.146 | n= 29 | primary=('mongo1', 27017)      | OK     ( 0.00s) 
13:11:21.146 | n= 30 | primary=('mongo1', 27017)      | OK     ( 0.00s) 
13:11:22.147 | n= 31 | primary=('mongo1', 27017)      | OK     ( 0.00s) 
13:11:23.147 | n= 32 | primary=('mongo1', 27017)      | OK     ( 0.00s) 
13:11:24.147 | n= 33 | primary=('mongo2', 27017)      | OK     ( 0.00s) 
13:11:25.147 | n= 34 | primary=('mongo2', 27017)      | OK     ( 0.00s) 
13:11:26.148 | n= 35 | primary=('mongo2', 27017)      | OK     ( 0.00s) 
13:11:27.148 | n= 36 | primary=('mongo2', 27017)      | OK     ( 0.00s) 
13:11:28.148 | n= 37 | primary=('mongo2', 27017)      | OK     ( 0.00s) 
13:11:29.148 | n= 38 | primary=('mongo2', 27017)      | OK     ( 0.00s) 
13:11:30.149 | n= 39 | primary=('mongo2', 27017)      | OK     ( 0.00s) 
13:11:31.149 | n= 40 | primary=('mongo2', 27017)      | OK     ( 0.00s) 
13:11:32.149 | n= 41 | primary=('mongo2', 27017)      | OK     ( 0.00s) 
13:11:33.149 | n= 42 | primary=('mongo2', 27017)      | OK     ( 0.00s) 
13:11:34.150 | n= 43 | primary=('mongo2', 27017)      | OK     ( 0.00s) 
13:11:35.150 | n= 44 | primary=('mongo2', 27017)      | OK     ( 0.00s) 
13:11:36.150 | n= 45 | primary=('mongo2', 27017)      | OK     ( 0.00s) 
13:11:37.150 | n= 46 | primary=('mongo2', 27017)      | OK     ( 0.00s) 
13:11:38.151 | n= 47 | primary=('mongo2', 27017)      | OK     ( 0.00s) 
13:11:39.151 | n= 48 | primary=('mongo2', 27017)      | OK     ( 0.00s) 
13:11:40.151 | n= 49 | primary=('mongo2', 27017)      | OK     ( 0.00s) 
13:11:41.152 | n= 50 | primary=('mongo2', 27017)      | OK     ( 0.00s) 
13:11:42.150 | n= 51 | primary=('mongo2', 27017)      | OK     ( 0.00s) 
13:11:43.150 | n= 52 | primary=('mongo2', 27017)      | OK     ( 0.00s) 
13:11:44.150 | n= 53 | primary=('mongo2', 27017)      | OK     ( 0.00s) 
13:11:45.150 | n= 54 | primary=('mongo2', 27017)      | OK     ( 0.00s) 
13:11:46.151 | n= 55 | primary=('mongo2', 27017)      | OK     ( 0.00s) 
13:11:47.151 | n= 56 | primary=('mongo1', 27017)      | OK     ( 0.00s) 
13:11:48.151 | n= 57 | primary=('mongo1', 27017)      | OK     ( 0.00s) 
13:11:49.151 | n= 58 | primary=('mongo1', 27017)      | OK     ( 0.00s) 
13:11:50.152 | n= 59 | primary=('mongo1', 27017)      | OK     ( 0.00s) 
13:11:51.152 | n= 60 | primary=('mongo1', 27017)      | OK     ( 0.00s) 
----------------------------------------------------------------------------------------------------
Ecritures reussies (vues par le script) : 60
Ecritures en echec                      : 0
count_documents reel dans la collection : 60
Ecart (reel - reussies)                 : 0
